Godot Engine v4.7.2.stable.official.ed1daf0bf - https://godotengine.org
OpenGL API OpenGL ES 3.0 (ANGLE 2.1.1 git hash: aaebda1c5a40) - Compatibility - Using Device: Google Inc. (NVIDIA) - ANGLE (NVIDIA, NVIDIA GeForce RTX 4080 Laptop GPU (0x000027A0) Direct3D11 vs_5_0 ps_5_0, D3D11-32.0.15.9579)

SCRIPT ERROR: Trying to assign value of type 'Nil' to a variable of type 'PackedInt32Array'.
   at: _build_diagnostic (res://tools/armor_runtime_v1/neck_exposure_capture.gd:352)
   GDScript backtrace (most recent call first):
       [0] _build_diagnostic (res://tools/armor_runtime_v1/neck_exposure_capture.gd:352)
       [1] _measure (res://tools/armor_runtime_v1/neck_exposure_capture.gd:314)
       [2] _run (res://tools/armor_runtime_v1/neck_exposure_capture.gd:138)
       [3] _measure (res://tools/armor_runtime_v1/neck_exposure_capture.gd:342)
       [4] _image (res://tools/armor_runtime_v1/neck_exposure_capture.gd:481)
SCRIPT ERROR: Trying to assign value of type 'Nil' to a variable of type 'PackedInt32Array'.
   at: _build_diagnostic (res://tools/armor_runtime_v1/neck_exposure_capture.gd:352)
   GDScript backtrace (most recent call first):
       [0] _build_diagnostic (res://tools/armor_runtime_v1/neck_exposure_capture.gd:352)
       [1] _measure (res://tools/armor_runtime_v1/neck_exposure_capture.gd:314)
       [2] _run (res://tools/armor_runtime_v1/neck_exposure_capture.gd:138)
       [3] _measure (res://tools/armor_runtime_v1/neck_exposure_capture.gd:342)
       [4] _image (res://tools/armor_runtime_v1/neck_exposure_capture.gd:481)
SCRIPT ERROR: Trying to assign value of type 'Nil' to a variable of type 'PackedInt32Array'.
   at: _build_diagnostic (res://tools/armor_runtime_v1/neck_exposure_capture.gd:352)
   GDScript backtrace (most recent call first):
       [0] _build_diagnostic (res://tools/armor_runtime_v1/neck_exposure_capture.gd:352)
       [1] _measure (res://tools/armor_runtime_v1/neck_exposure_capture.gd:314)
       [2] _run (res://tools/armor_runtime_v1/neck_exposure_capture.gd:138)
       [3] _measure (res://tools/armor_runtime_v1/neck_exposure_capture.gd:342)
       [4] _image (res://tools/armor_runtime_v1/neck_exposure_capture.gd:481)
SCRIPT ERROR: Trying to assign value of type 'Nil' to a variable of type 'PackedInt32Array'.
   at: _build_diagnostic (res://tools/armor_runtime_v1/neck_exposure_capture.gd:352)
   GDScript backtrace (most recent call first):
       [0] _build_diagnostic (res://tools/armor_runtime_v1/neck_exposure_capture.gd:352)
       [1] _measure (res://tools/armor_runtime_v1/neck_exposure_capture.gd:314)
       [2] _run (res://tools/armor_runtime_v1/neck_exposure_capture.gd:138)
       [3] _measure (res://tools/armor_runtime_v1/neck_exposure_capture.gd:342)
       [4] _image (res://tools/armor_runtime_v1/neck_exposure_capture.gd:481)
SCRIPT ERROR: Trying to assign value of type 'Nil' to a variable of type 'PackedInt32Array'.
   at: _build_diagnostic (res://tools/armor_runtime_v1/neck_exposure_capture.gd:352)
   GDScript backtrace (most recent call first):
       [0] _build_diagnostic (res://tools/armor_runtime_v1/neck_exposure_capture.gd:352)
       [1] _measure (res://tools/armor_runtime_v1/neck_exposure_capture.gd:314)
       [2] _run (res://tools/armor_runtime_v1/neck_exposure_capture.gd:138)
       [3] _measure (res://tools/armor_runtime_v1/neck_exposure_capture.gd:342)
       [4] _image (res://tools/armor_runtime_v1/neck_exposure_capture.gd:481)
SCRIPT ERROR: Trying to assign value of type 'Nil' to a variable of type 'PackedInt32Array'.
   at: _build_diagnostic (res://tools/armor_runtime_v1/neck_exposure_capture.gd:352)
   GDScript backtrace (most recent call first):
       [0] _build_diagnostic (res://tools/armor_runtime_v1/neck_exposure_capture.gd:352)
       [1] _measure (res://tools/armor_runtime_v1/neck_exposure_capture.gd:314)
       [2] _run (res://tools/armor_runtime_v1/neck_exposure_capture.gd:138)
       [3] _measure (res://tools/armor_runtime_v1/neck_exposure_capture.gd:342)
       [4] _image (res://tools/armor_runtime_v1/neck_exposure_capture.gd:481)
SCRIPT ERROR: Trying to assign value of type 'Nil' to a variable of type 'PackedInt32Array'.
   at: _build_diagnostic (res://tools/armor_runtime_v1/neck_exposure_capture.gd:352)
   GDScript backtrace (most recent call first):
       [0] _build_diagnostic (res://tools/armor_runtime_v1/neck_exposure_capture.gd:352)
       [1] _measure (res://tools/armor_runtime_v1/neck_exposure_capture.gd:314)
       [2] _run (res://tools/armor_runtime_v1/neck_exposure_capture.gd:138)
       [3] _measure (res://tools/armor_runtime_v1/neck_exposure_capture.gd:342)
       [4] _image (res://tools/armor_runtime_v1/neck_exposure_capture.gd:481)
SCRIPT ERROR: Trying to assign value of type 'Nil' to a variable of type 'PackedInt32Array'.
   at: _build_diagnostic (res://tools/armor_runtime_v1/neck_exposure_capture.gd:352)
   GDScript backtrace (most recent call first):
       [0] _build_diagnostic (res://tools/armor_runtime_v1/neck_exposure_capture.gd:352)
       [1] _measure (res://tools/armor_runtime_v1/neck_exposure_capture.gd:314)
       [2] _run (res://tools/armor_runtime_v1/neck_exposure_capture.gd:138)
       [3] _measure (res://tools/armor_runtime_v1/neck_exposure_capture.gd:342)
       [4] _image (res://tools/armor_runtime_v1/neck_exposure_capture.gd:481)
SCRIPT ERROR: Trying to assign value of type 'Nil' to a variable of type 'PackedInt32Array'.
   at: _build_diagnostic (res://tools/armor_runtime_v1/neck_exposure_capture.gd:352)
   GDScript backtrace (most recent call first):
       [0] _build_diagnostic (res://tools/armor_runtime_v1/neck_exposure_capture.gd:352)
       [1] _measure (res://tools/armor_runtime_v1/neck_exposure_capture.gd:314)
       [2] _run (res://tools/armor_runtime_v1/neck_exposure_capture.gd:138)
       [3] _measure (res://tools/armor_runtime_v1/neck_exposure_capture.gd:342)
       [4] _image (res://tools/armor_runtime_v1/neck_exposure_capture.gd:481)
SCRIPT ERROR: Trying to assign value of type 'Nil' to a variable of type 'PackedInt32Array'.
   at: _build_diagnostic (res://tools/armor_runtime_v1/neck_exposure_capture.gd:352)
   GDScript backtrace (most recent call first):
       [0] _build_diagnostic (res://tools/armor_runtime_v1/neck_exposure_capture.gd:352)
       [1] _measure (res://tools/armor_runtime_v1/neck_exposure_capture.gd:314)
       [2] _run (res://tools/armor_runtime_v1/neck_exposure_capture.gd:138)
       [3] _measure (res://tools/armor_runtime_v1/neck_exposure_capture.gd:342)
       [4] _image (res://tools/armor_runtime_v1/neck_exposure_capture.gd:481)
SCRIPT ERROR: Trying to assign value of type 'Nil' to a variable of type 'PackedInt32Array'.
   at: _build_diagnostic (res://tools/armor_runtime_v1/neck_exposure_capture.gd:352)
   GDScript backtrace (most recent call first):
       [0] _build_diagnostic (res://tools/armor_runtime_v1/neck_exposure_capture.gd:352)
       [1] _measure (res://tools/armor_runtime_v1/neck_exposure_capture.gd:314)
       [2] _run (res://tools/armor_runtime_v1/neck_exposure_capture.gd:138)
       [3] _measure (res://tools/armor_runtime_v1/neck_exposure_capture.gd:342)
       [4] _image (res://tools/armor_runtime_v1/neck_exposure_capture.gd:481)
SCRIPT ERROR: Trying to assign value of type 'Nil' to a variable of type 'PackedInt32Array'.
   at: _build_diagnostic (res://tools/armor_runtime_v1/neck_exposure_capture.gd:352)
   GDScript backtrace (most recent call first):
       [0] _build_diagnostic (res://tools/armor_runtime_v1/neck_exposure_capture.gd:352)
       [1] _measure (res://tools/armor_runtime_v1/neck_exposure_capture.gd:314)
       [2] _run (res://tools/armor_runtime_v1/neck_exposure_capture.gd:138)
       [3] _measure (res://tools/armor_runtime_v1/neck_exposure_capture.gd:342)
       [4] _image (res://tools/armor_runtime_v1/neck_exposure_capture.gd:481)
SCRIPT ERROR: Trying to assign value of type 'Nil' to a variable of type 'PackedInt32Array'.
   at: _build_diagnostic (res://tools/armor_runtime_v1/neck_exposure_capture.gd:352)
   GDScript backtrace (most recent call first):
       [0] _build_diagnostic (res://tools/armor_runtime_v1/neck_exposure_capture.gd:352)
       [1] _measure (res://tools/armor_runtime_v1/neck_exposure_capture.gd:314)
       [2] _run (res://tools/armor_runtime_v1/neck_exposure_capture.gd:138)
       [3] _measure (res://tools/armor_runtime_v1/neck_exposure_capture.gd:342)
       [4] _image (res://tools/armor_runtime_v1/neck_exposure_capture.gd:481)
SCRIPT ERROR: Trying to assign value of type 'Nil' to a variable of type 'PackedInt32Array'.
   at: _build_diagnostic (res://tools/armor_runtime_v1/neck_exposure_capture.gd:352)
   GDScript backtrace (most recent call first):
       [0] _build_diagnostic (res://tools/armor_runtime_v1/neck_exposure_capture.gd:352)
       [1] _measure (res://tools/armor_runtime_v1/neck_exposure_capture.gd:314)
       [2] _run (res://tools/armor_runtime_v1/neck_exposure_capture.gd:138)
       [3] _measure (res://tools/armor_runtime_v1/neck_exposure_capture.gd:342)
       [4] _image (res://tools/armor_runtime_v1/neck_exposure_capture.gd:481)
SCRIPT ERROR: Trying to assign value of type 'Nil' to a variable of type 'PackedInt32Array'.
   at: _build_diagnostic (res://tools/armor_runtime_v1/neck_exposure_capture.gd:352)
   GDScript backtrace (most recent call first):
       [0] _build_diagnostic (res://tools/armor_runtime_v1/neck_exposure_capture.gd:352)
       [1] _measure (res://tools/armor_runtime_v1/neck_exposure_capture.gd:314)
       [2] _run (res://tools/armor_runtime_v1/neck_exposure_capture.gd:138)
       [3] _measure (res://tools/armor_runtime_v1/neck_exposure_capture.gd:342)
       [4] _image (res://tools/armor_runtime_v1/neck_exposure_capture.gd:481)
SCRIPT ERROR: Trying to assign value of type 'Nil' to a variable of type 'PackedInt32Array'.
   at: _build_diagnostic (res://tools/armor_runtime_v1/neck_exposure_capture.gd:352)
   GDScript backtrace (most recent call first):
       [0] _build_diagnostic (res://tools/armor_runtime_v1/neck_exposure_capture.gd:352)
       [1] _measure (res://tools/armor_runtime_v1/neck_exposure_capture.gd:314)
       [2] _run (res://tools/armor_runtime_v1/neck_exposure_capture.gd:138)
       [3] _measure (res://tools/armor_runtime_v1/neck_exposure_capture.gd:342)
       [4] _image (res://tools/armor_runtime_v1/neck_exposure_capture.gd:481)
SCRIPT ERROR: Trying to assign value of type 'Nil' to a variable of type 'PackedInt32Array'.
   at: _build_diagnostic (res://tools/armor_runtime_v1/neck_exposure_capture.gd:352)
   GDScript backtrace (most recent call first):
       [0] _build_diagnostic (res://tools/armor_runtime_v1/neck_exposure_capture.gd:352)
       [1] _measure (res://tools/armor_runtime_v1/neck_exposure_capture.gd:314)
       [2] _run (res://tools/armor_runtime_v1/neck_exposure_capture.gd:138)
       [3] _measure (res://tools/armor_runtime_v1/neck_exposure_capture.gd:342)
       [4] _image (res://tools/armor_runtime_v1/neck_exposure_capture.gd:481)
SCRIPT ERROR: Trying to assign value of type 'Nil' to a variable of type 'PackedInt32Array'.
   at: _build_diagnostic (res://tools/armor_runtime_v1/neck_exposure_capture.gd:352)
   GDScript backtrace (most recent call first):
       [0] _build_diagnostic (res://tools/armor_runtime_v1/neck_exposure_capture.gd:352)
       [1] _measure (res://tools/armor_runtime_v1/neck_exposure_capture.gd:314)
       [2] _run (res://tools/armor_runtime_v1/neck_exposure_capture.gd:138)
       [3] _measure (res://tools/armor_runtime_v1/neck_exposure_capture.gd:342)
       [4] _image (res://tools/armor_runtime_v1/neck_exposure_capture.gd:481)
SCRIPT ERROR: Trying to assign value of type 'Nil' to a variable of type 'PackedInt32Array'.
   at: _build_diagnostic (res://tools/armor_runtime_v1/neck_exposure_capture.gd:352)
   GDScript backtrace (most recent call first):
       [0] _build_diagnostic (res://tools/armor_runtime_v1/neck_exposure_capture.gd:352)
       [1] _measure (res://tools/armor_runtime_v1/neck_exposure_capture.gd:314)
       [2] _run (res://tools/armor_runtime_v1/neck_exposure_capture.gd:138)
       [3] _measure (res://tools/armor_runtime_v1/neck_exposure_capture.gd:342)
       [4] _image (res://tools/armor_runtime_v1/neck_exposure_capture.gd:481)
SCRIPT ERROR: Trying to assign value of type 'Nil' to a variable of type 'PackedInt32Array'.
   at: _build_diagnostic (res://tools/armor_runtime_v1/neck_exposure_capture.gd:352)
   GDScript backtrace (most recent call first):
       [0] _build_diagnostic (res://tools/armor_runtime_v1/neck_exposure_capture.gd:352)
       [1] _measure (res://tools/armor_runtime_v1/neck_exposure_capture.gd:314)
       [2] _run (res://tools/armor_runtime_v1/neck_exposure_capture.gd:138)
       [3] _measure (res://tools/armor_runtime_v1/neck_exposure_capture.gd:342)
       [4] _image (res://tools/armor_runtime_v1/neck_exposure_capture.gd:481)
SCRIPT ERROR: Trying to assign value of type 'Nil' to a variable of type 'PackedInt32Array'.
   at: _build_diagnostic (res://tools/armor_runtime_v1/neck_exposure_capture.gd:352)
   GDScript backtrace (most recent call first):
       [0] _build_diagnostic (res://tools/armor_runtime_v1/neck_exposure_capture.gd:352)
       [1] _measure (res://tools/armor_runtime_v1/neck_exposure_capture.gd:314)
       [2] _run (res://tools/armor_runtime_v1/neck_exposure_capture.gd:138)
       [3] _measure (res://tools/armor_runtime_v1/neck_exposure_capture.gd:342)
       [4] _image (res://tools/armor_runtime_v1/neck_exposure_capture.gd:481)
SCRIPT ERROR: Trying to assign value of type 'Nil' to a variable of type 'PackedInt32Array'.
   at: _build_diagnostic (res://tools/armor_runtime_v1/neck_exposure_capture.gd:352)
   GDScript backtrace (most recent call first):
       [0] _build_diagnostic (res://tools/armor_runtime_v1/neck_exposure_capture.gd:352)
       [1] _measure (res://tools/armor_runtime_v1/neck_exposure_capture.gd:314)
       [2] _run (res://tools/armor_runtime_v1/neck_exposure_capture.gd:138)
       [3] _measure (res://tools/armor_runtime_v1/neck_exposure_capture.gd:342)
       [4] _image (res://tools/armor_runtime_v1/neck_exposure_capture.gd:481)
SCRIPT ERROR: Trying to assign value of type 'Nil' to a variable of type 'PackedInt32Array'.
   at: _build_diagnostic (res://tools/armor_runtime_v1/neck_exposure_capture.gd:352)
   GDScript backtrace (most recent call first):
       [0] _build_diagnostic (res://tools/armor_runtime_v1/neck_exposure_capture.gd:352)
       [1] _measure (res://tools/armor_runtime_v1/neck_exposure_capture.gd:314)
       [2] _run (res://tools/armor_runtime_v1/neck_exposure_capture.gd:138)
       [3] _measure (res://tools/armor_runtime_v1/neck_exposure_capture.gd:342)
       [4] _image (res://tools/armor_runtime_v1/neck_exposure_capture.gd:481)
SCRIPT ERROR: Trying to assign value of type 'Nil' to a variable of type 'PackedInt32Array'.
   at: _build_diagnostic (res://tools/armor_runtime_v1/neck_exposure_capture.gd:352)
   GDScript backtrace (most recent call first):
       [0] _build_diagnostic (res://tools/armor_runtime_v1/neck_exposure_capture.gd:352)
       [1] _measure (res://tools/armor_runtime_v1/neck_exposure_capture.gd:314)
       [2] _run (res://tools/armor_runtime_v1/neck_exposure_capture.gd:138)
       [3] _measure (res://tools/armor_runtime_v1/neck_exposure_capture.gd:342)
       [4] _image (res://tools/armor_runtime_v1/neck_exposure_capture.gd:481)
ARMOR_NECK_EXPOSURE_FAIL integrity=PASS style=FAIL candidate_samples=348 references=20
ERROR: STYLE_NECK_COVERAGE: body1 idle/front exposes 3.866% above frozen peers 2.605%
   at: push_error (core/variant/variant_utility.cpp:1023)
   GDScript backtrace (most recent call first):
       [0] _finish (res://tools/armor_runtime_v1/neck_exposure_capture.gd:582)
ERROR: STYLE_NECK_COVERAGE: body1 reload/front exposes 5.198% above frozen peers 2.605%
   at: push_error (core/variant/variant_utility.cpp:1023)
   GDScript backtrace (most recent call first):
       [0] _finish (res://tools/armor_runtime_v1/neck_exposure_capture.gd:582)
ERROR: STYLE_NECK_COVERAGE: body6 idle/front exposes 13.540% above frozen peers 2.605%
   at: push_error (core/variant/variant_utility.cpp:1023)
   GDScript backtrace (most recent call first):
       [0] _finish (res://tools/armor_runtime_v1/neck_exposure_capture.gd:582)
ERROR: STYLE_NECK_COVERAGE: body6 idle/quarter exposes 12.502% above frozen peers 3.864%
   at: push_error (core/variant/variant_utility.cpp:1023)
   GDScript backtrace (most recent call first):
       [0] _finish (res://tools/armor_runtime_v1/neck_exposure_capture.gd:582)
ERROR: STYLE_NECK_COVERAGE: body6 idle/side exposes 12.401% above frozen peers 6.468%
   at: push_error (core/variant/variant_utility.cpp:1023)
   GDScript backtrace (most recent call first):
       [0] _finish (res://tools/armor_runtime_v1/neck_exposure_capture.gd:582)
ERROR: STYLE_NECK_COVERAGE: body6 idle/rear exposes 16.076% above frozen peers 5.418%
   at: push_error (core/variant/variant_utility.cpp:1023)
   GDScript backtrace (most recent call first):
       [0] _finish (res://tools/armor_runtime_v1/neck_exposure_capture.gd:582)
ERROR: STYLE_NECK_COVERAGE: body6 run/front exposes 16.105% above frozen peers 2.605%
   at: push_error (core/variant/variant_utility.cpp:1023)
   GDScript backtrace (most recent call first):
       [0] _finish (res://tools/armor_runtime_v1/neck_exposure_capture.gd:582)
ERROR: STYLE_NECK_COVERAGE: body6 run/quarter exposes 13.198% above frozen peers 3.864%
   at: push_error (core/variant/variant_utility.cpp:1023)
   GDScript backtrace (most recent call first):
       [0] _finish (res://tools/armor_runtime_v1/neck_exposure_capture.gd:582)
ERROR: STYLE_NECK_COVERAGE: body6 run/side exposes 11.986% above frozen peers 6.468%
   at: push_error (core/variant/variant_utility.cpp:1023)
   GDScript backtrace (most recent call first):
       [0] _finish (res://tools/armor_runtime_v1/neck_exposure_capture.gd:582)
ERROR: STYLE_NECK_COVERAGE: body6 run/rear exposes 21.724% above frozen peers 5.418%
   at: push_error (core/variant/variant_utility.cpp:1023)
   GDScript backtrace (most recent call first):
       [0] _finish (res://tools/armor_runtime_v1/neck_exposure_capture.gd:582)
ERROR: STYLE_NECK_COVERAGE: body6 reload/front exposes 13.981% above frozen peers 2.605%
   at: push_error (core/variant/variant_utility.cpp:1023)
   GDScript backtrace (most recent call first):
       [0] _finish (res://tools/armor_runtime_v1/neck_exposure_capture.gd:582)
ERROR: STYLE_NECK_COVERAGE: body6 reload/side exposes 7.934% above frozen peers 6.468%
   at: push_error (core/variant/variant_utility.cpp:1023)
   GDScript backtrace (most recent call first):
       [0] _finish (res://tools/armor_runtime_v1/neck_exposure_capture.gd:582)
ERROR: STYLE_NECK_COVERAGE: body6 reload/rear exposes 15.511% above frozen peers 5.418%
   at: push_error (core/variant/variant_utility.cpp:1023)
   GDScript backtrace (most recent call first):
       [0] _finish (res://tools/armor_runtime_v1/neck_exposure_capture.gd:582)
ERROR: STYLE_NECK_COVERAGE: body9 run/front exposes 3.620% above frozen peers 2.605%
   at: push_error (core/variant/variant_utility.cpp:1023)
   GDScript backtrace (most recent call first):
       [0] _finish (res://tools/armor_runtime_v1/neck_exposure_capture.gd:582)
ERROR: STYLE_NECK_COVERAGE: body11 idle/front exposes 13.540% above frozen peers 2.605%
   at: push_error (core/variant/variant_utility.cpp:1023)
   GDScript backtrace (most recent call first):
       [0] _finish (res://tools/armor_runtime_v1/neck_exposure_capture.gd:582)
ERROR: STYLE_NECK_COVERAGE: body11 idle/quarter exposes 12.502% above frozen peers 3.864%
   at: push_error (core/variant/variant_utility.cpp:1023)
   GDScript backtrace (most recent call first):
       [0] _finish (res://tools/armor_runtime_v1/neck_exposure_capture.gd:582)
ERROR: STYLE_NECK_COVERAGE: body11 idle/side exposes 12.401% above frozen peers 6.468%
   at: push_error (core/variant/variant_utility.cpp:1023)
   GDScript backtrace (most recent call first):
       [0] _finish (res://tools/armor_runtime_v1/neck_exposure_capture.gd:582)
ERROR: STYLE_NECK_COVERAGE: body11 idle/rear exposes 16.076% above frozen peers 5.418%
   at: push_error (core/variant/variant_utility.cpp:1023)
   GDScript backtrace (most recent call first):
       [0] _finish (res://tools/armor_runtime_v1/neck_exposure_capture.gd:582)
ERROR: STYLE_NECK_COVERAGE: body11 run/front exposes 16.105% above frozen peers 2.605%
   at: push_error (core/variant/variant_utility.cpp:1023)
   GDScript backtrace (most recent call first):
       [0] _finish (res://tools/armor_runtime_v1/neck_exposure_capture.gd:582)
ERROR: STYLE_NECK_COVERAGE: body11 run/quarter exposes 13.198% above frozen peers 3.864%
   at: push_error (core/variant/variant_utility.cpp:1023)
   GDScript backtrace (most recent call first):
       [0] _finish (res://tools/armor_runtime_v1/neck_exposure_capture.gd:582)
ERROR: STYLE_NECK_COVERAGE: body11 run/side exposes 11.986% above frozen peers 6.468%
   at: push_error (core/variant/variant_utility.cpp:1023)
   GDScript backtrace (most recent call first):
       [0] _finish (res://tools/armor_runtime_v1/neck_exposure_capture.gd:582)
ERROR: STYLE_NECK_COVERAGE: body11 run/rear exposes 21.724% above frozen peers 5.418%
   at: push_error (core/variant/variant_utility.cpp:1023)
   GDScript backtrace (most recent call first):
       [0] _finish (res://tools/armor_runtime_v1/neck_exposure_capture.gd:582)
ERROR: STYLE_NECK_COVERAGE: body11 reload/front exposes 13.981% above frozen peers 2.605%
   at: push_error (core/variant/variant_utility.cpp:1023)
   GDScript backtrace (most recent call first):
       [0] _finish (res://tools/armor_runtime_v1/neck_exposure_capture.gd:582)
ERROR: STYLE_NECK_COVERAGE: body11 reload/side exposes 7.934% above frozen peers 6.468%
   at: push_error (core/variant/variant_utility.cpp:1023)
   GDScript backtrace (most recent call first):
       [0] _finish (res://tools/armor_runtime_v1/neck_exposure_capture.gd:582)
ERROR: STYLE_NECK_COVERAGE: body11 reload/rear exposes 15.511% above frozen peers 5.418%
   at: push_error (core/variant/variant_utility.cpp:1023)
   GDScript backtrace (most recent call first):
       [0] _finish (res://tools/armor_runtime_v1/neck_exposure_capture.gd:582)
ERROR: STYLE_NECK_COVERAGE: body12 run/front exposes 3.699% above frozen peers 2.605%
   at: push_error (core/variant/variant_utility.cpp:1023)
   GDScript backtrace (most recent call first):
       [0] _finish (res://tools/armor_runtime_v1/neck_exposure_capture.gd:582)
ERROR: STYLE_NECK_COVERAGE: body13 run/front exposes 5.185% above frozen peers 2.605%
   at: push_error (core/variant/variant_utility.cpp:1023)
   GDScript backtrace (most recent call first):
       [0] _finish (res://tools/armor_runtime_v1/neck_exposure_capture.gd:582)
ERROR: STYLE_NECK_COVERAGE: body14 run/front exposes 4.878% above frozen peers 2.605%
   at: push_error (core/variant/variant_utility.cpp:1023)
   GDScript backtrace (most recent call first):
       [0] _finish (res://tools/armor_runtime_v1/neck_exposure_capture.gd:582)
ERROR: STYLE_NECK_COVERAGE: body15 run/front exposes 5.241% above frozen peers 2.605%
   at: push_error (core/variant/variant_utility.cpp:1023)
   GDScript backtrace (most recent call first):
       [0] _finish (res://tools/armor_runtime_v1/neck_exposure_capture.gd:582)
ERROR: STYLE_NECK_COVERAGE: body16 run/front exposes 5.241% above frozen peers 2.605%
   at: push_error (core/variant/variant_utility.cpp:1023)
   GDScript backtrace (most recent call first):
       [0] _finish (res://tools/armor_runtime_v1/neck_exposure_capture.gd:582)
ERROR: STYLE_NECK_COVERAGE: body17 run/front exposes 4.803% above frozen peers 2.605%
   at: push_error (core/variant/variant_utility.cpp:1023)
   GDScript backtrace (most recent call first):
       [0] _finish (res://tools/armor_runtime_v1/neck_exposure_capture.gd:582)
ERROR: STYLE_NECK_COVERAGE: body17 reload/front exposes 2.606% above frozen peers 2.605%
   at: push_error (core/variant/variant_utility.cpp:1023)
   GDScript backtrace (most recent call first):
       [0] _finish (res://tools/armor_runtime_v1/neck_exposure_capture.gd:582)
ERROR: STYLE_NECK_COVERAGE: body18 idle/quarter exposes 6.418% above frozen peers 3.864%
   at: push_error (core/variant/variant_utility.cpp:1023)
   GDScript backtrace (most recent call first):
       [0] _finish (res://tools/armor_runtime_v1/neck_exposure_capture.gd:582)
ERROR: STYLE_NECK_COVERAGE: body18 run/front exposes 10.943% above frozen peers 2.605%
   at: push_error (core/variant/variant_utility.cpp:1023)
   GDScript backtrace (most recent call first):
       [0] _finish (res://tools/armor_runtime_v1/neck_exposure_capture.gd:582)
ERROR: STYLE_NECK_COVERAGE: body19 idle/front exposes 3.004% above frozen peers 2.605%
   at: push_error (core/variant/variant_utility.cpp:1023)
   GDScript backtrace (most recent call first):
       [0] _finish (res://tools/armor_runtime_v1/neck_exposure_capture.gd:582)
ERROR: STYLE_NECK_COVERAGE: body19 run/front exposes 6.382% above frozen peers 2.605%
   at: push_error (core/variant/variant_utility.cpp:1023)
   GDScript backtrace (most recent call first):
       [0] _finish (res://tools/armor_runtime_v1/neck_exposure_capture.gd:582)
ERROR: STYLE_NECK_COVERAGE: body19 reload/front exposes 4.010% above frozen peers 2.605%
   at: push_error (core/variant/variant_utility.cpp:1023)
   GDScript backtrace (most recent call first):
       [0] _finish (res://tools/armor_runtime_v1/neck_exposure_capture.gd:582)
ERROR: STYLE_NECK_COVERAGE: body23 run/rear exposes 6.102% above frozen peers 5.418%
   at: push_error (core/variant/variant_utility.cpp:1023)
   GDScript backtrace (most recent call first):
       [0] _finish (res://tools/armor_runtime_v1/neck_exposure_capture.gd:582)
ERROR: STYLE_NECK_COVERAGE: body25 run/front exposes 2.772% above frozen peers 2.605%
   at: push_error (core/variant/variant_utility.cpp:1023)
   GDScript backtrace (most recent call first):
       [0] _finish (res://tools/armor_runtime_v1/neck_exposure_capture.gd:582)
ERROR: STYLE_NECK_COVERAGE: body26 run/rear exposes 5.588% above frozen peers 5.418%
   at: push_error (core/variant/variant_utility.cpp:1023)
   GDScript backtrace (most recent call first):
       [0] _finish (res://tools/armor_runtime_v1/neck_exposure_capture.gd:582)
ERROR: STYLE_NECK_COVERAGE: body27 run/rear exposes 6.312% above frozen peers 5.418%
   at: push_error (core/variant/variant_utility.cpp:1023)
   GDScript backtrace (most recent call first):
       [0] _finish (res://tools/armor_runtime_v1/neck_exposure_capture.gd:582)
ERROR: STYLE_NECK_COVERAGE: body28 idle/quarter exposes 4.796% above frozen peers 3.864%
   at: push_error (core/variant/variant_utility.cpp:1023)
   GDScript backtrace (most recent call first):
       [0] _finish (res://tools/armor_runtime_v1/neck_exposure_capture.gd:582)
ERROR: STYLE_NECK_COVERAGE: body28 run/front exposes 8.819% above frozen peers 2.605%
   at: push_error (core/variant/variant_utility.cpp:1023)
   GDScript backtrace (most recent call first):
       [0] _finish (res://tools/armor_runtime_v1/neck_exposure_capture.gd:582)
ERROR: STYLE_NECK_COVERAGE: body28 run/quarter exposes 4.765% above frozen peers 3.864%
   at: push_error (core/variant/variant_utility.cpp:1023)
   GDScript backtrace (most recent call first):
       [0] _finish (res://tools/armor_runtime_v1/neck_exposure_capture.gd:582)
ERROR: STYLE_NECK_COVERAGE: body28 run/rear exposes 8.436% above frozen peers 5.418%
   at: push_error (core/variant/variant_utility.cpp:1023)
   GDScript backtrace (most recent call first):
       [0] _finish (res://tools/armor_runtime_v1/neck_exposure_capture.gd:582)
ERROR: STYLE_NECK_COVERAGE: body28 reload/front exposes 4.167% above frozen peers 2.605%
   at: push_error (core/variant/variant_utility.cpp:1023)
   GDScript backtrace (most recent call first):
       [0] _finish (res://tools/armor_runtime_v1/neck_exposure_capture.gd:582)
