Godot Engine v4.7.2.stable.official.ed1daf0bf - https://godotengine.org

[   0% ] first_scan_filesystem | Started 專案初始化中 (5 steps)
[   0% ] first_scan_filesystem | 正在掃描檔案結構…
ERROR: Cannot go into subdir 'audio-missing-archive-tfpon_0v'.
   at: _scan_new_dir (editor/file_system/editor_file_system.cpp:1219)
[  16% ] first_scan_filesystem | 正在載入全域類別名稱…
[  33% ] first_scan_filesystem | 正在驗證 GDExtension…
[  50% ] first_scan_filesystem | 正在建立自動載入腳本…
[  66% ] first_scan_filesystem | 初始化外掛程式...
[  83% ] first_scan_filesystem | 開始掃描檔案...
[ DONE ] first_scan_filesystem

[   0% ] _update_scan_actions | Started 掃描動作中... (2 steps)
[   0% ] _update_scan_actions | titan.glb
[  33% ] _update_scan_actions | source.gltf
[ DONE ] _update_scan_actions

[   0% ] reimport | Started （重新）匯入素材 (6 steps)
[   0% ] reimport | 正在準備重新匯入檔案…
[  14% ] reimport | 正在準備重新匯入檔案…
[  28% ] reimport | 正在準備重新匯入檔案…
[  42% ] reimport | 正在準備重新匯入檔案…
[  57% ] reimport | 正在準備重新匯入檔案…
[  71% ] reimport | 正在準備重新匯入檔案…
[   0% ] reimport | 執行預先重新匯入作業…
[   0% ] preload_reimporting_scene | Started 正在準備重新加載場景 (1 steps)
[   0% ] preload_reimporting_scene | 正在分析場景 [空]
[  50% ] preload_reimporting_scene | 準備完成。
[ DONE ] preload_reimporting_scene

[   0% ] reimport | titan_titan_head_diffuse.png
[  14% ] reimport | titan_shoulder_diffuse.png
[  28% ] reimport | titan_body_diffuse.png
[  42% ] reimport | titan_hand_diffuse.png
[  57% ] reimport | titan_foot_diffuse.png
[  71% ] reimport | titan.glb
[   0% ] import | Started 匯入場景 (104 steps)
[   0% ] import | 正在匯入場景…
[   1% ] import | 正在執行自訂腳本...
[  99% ] import | 正在儲存…
[ DONE ] import

[  85% ] reimport | 完成素材匯入...
[ DONE ] reimport

[   0% ] reimport | Started （重新）匯入素材 (6 steps)
[   0% ] reimport | 執行重新匯入後續處理作業…
[ DONE ] reimport

[   0% ] loading_editor_layout | Started 正在載入編輯器 (5 steps)
[   0% ] loading_editor_layout | 正在載入編輯器佈局…
[  16% ] loading_editor_layout | 正在載入面板…
[  33% ] loading_editor_layout | 正在重新開啟場景…
[  50% ] loading_editor_layout | 正在載入中央編輯器佈局…
[  66% ] loading_editor_layout | 正在載入外掛視窗佈局…
[  83% ] loading_editor_layout | 編輯器佈局就緒。
[ DONE ] loading_editor_layout

