Godot Engine v4.7.2.stable.official.ed1daf0bf - https://godotengine.org

[   0% ] [90m[1mfirst_scan_filesystem[22m | Started 專案初始化中 (5 steps)[39m[0m
[   0% ] [90m[1mfirst_scan_filesystem[22m | 正在掃描檔案結構…[39m[0m
ERROR: Cannot go into subdir 'audio-missing-archive-tfpon_0v'.
   at: _scan_new_dir (editor/file_system/editor_file_system.cpp:1219)
[  16% ] [90m[1mfirst_scan_filesystem[22m | 正在載入全域類別名稱…[39m[0m
[  33% ] [90m[1mfirst_scan_filesystem[22m | 正在驗證 GDExtension…[39m[0m
[  50% ] [90m[1mfirst_scan_filesystem[22m | 正在建立自動載入腳本…[39m[0m
[  66% ] [90m[1mfirst_scan_filesystem[22m | 初始化外掛程式...[39m[0m
[  83% ] [90m[1mfirst_scan_filesystem[22m | 開始掃描檔案...[39m[0m
[92m[ DONE ][39m [1mfirst_scan_filesystem[22m
[0m
[   0% ] [90m[1mloading_editor_layout[22m | Started 正在載入編輯器 (5 steps)[39m[0m
[   0% ] [90m[1mloading_editor_layout[22m | 正在載入編輯器佈局…[39m[0m
[  16% ] [90m[1mloading_editor_layout[22m | 正在載入面板…[39m[0m
ERROR: Cannot go into subdir 'audio-missing-archive-tfpon_0v'.
   at: _scan_new_dir (editor/file_system/editor_file_system.cpp:1219)
[  33% ] [90m[1mloading_editor_layout[22m | 正在重新開啟場景…[39m[0m
[  50% ] [90m[1mloading_editor_layout[22m | 正在載入中央編輯器佈局…[39m[0m
[  66% ] [90m[1mloading_editor_layout[22m | 正在載入外掛視窗佈局…[39m[0m
[  83% ] [90m[1mloading_editor_layout[22m | 編輯器佈局就緒。[39m[0m
[92m[ DONE ][39m [1mloading_editor_layout[22m
[0m
[   0% ] [90m[1m_update_scan_actions[22m | Started 掃描動作中... (2 steps)[39m[0m
[   0% ] [90m[1m_update_scan_actions[22m | source.gltf[39m[0m
[  33% ] [90m[1m_update_scan_actions[22m | head_lossless.titan_head_reimport[39m[0m
[92m[ DONE ][39m [1m_update_scan_actions[22m
[0m
[   0% ] [90m[1mreimport[22m | Started （重新）匯入素材 (1 steps)[39m[0m
[   0% ] [90m[1mreimport[22m | 正在準備重新匯入檔案…[39m[0m
[   0% ] [90m[1mreimport[22m | 執行預先重新匯入作業…[39m[0m
[   0% ] [90m[1mreimport[22m | head_lossless.titan_head_reimport[39m[0m
[  50% ] [90m[1mreimport[22m | 完成素材匯入...[39m[0m
[92m[ DONE ][39m [1mreimport[22m
[0m
[   0% ] [90m[1mreimport[22m | Started （重新）匯入素材 (1 steps)[39m[0m
[   0% ] [90m[1mreimport[22m | 執行重新匯入後續處理作業…[39m[0m
[92m[ DONE ][39m [1mreimport[22m
[0m
TITAN_HEAD_LOSSLESS_PASS errors=0
ERROR: Cannot go into subdir 'audio-missing-archive-tfpon_0v'.
   at: _scan_new_dir (editor/file_system/editor_file_system.cpp:1219)
WARNING: Scan thread aborted...
   at: _notification (editor/file_system/editor_file_system.cpp:1757)
ERROR: 6 RID allocations of type 'N16RendererViewport8ViewportE' were leaked at exit.
ERROR: 9 RID allocations of type 'PN13RendererDummy14TextureStorage12DummyTextureE' were leaked at exit.
ERROR: 1 RID allocations of type 'N17RendererSceneCull8ScenarioE' were leaked at exit.
ERROR: 83 RID allocations of type 'PN18TextServerAdvanced22ShapedTextDataAdvancedE' were leaked at exit.
ERROR: 1 RID allocations of type 'PN18TextServerAdvanced12FontAdvancedE' were leaked at exit.
WARNING: 6 RIDs of type "Canvas" were leaked.
   at: _free_rids (servers/rendering/renderer_canvas_cull.cpp:2735)
WARNING: 36 RIDs of type "CanvasItem" were leaked.
   at: _free_rids (servers/rendering/renderer_canvas_cull.cpp:2735)
WARNING: 209 ObjectDB instances were leaked at exit (run with `--verbose` for details).
   at: cleanup (core/object/object.cpp:2536)
