Godot Engine v4.7.2.stable.official.ed1daf0bf - https://godotengine.org

[   0% ] [90m[1mfirst_scan_filesystem[22m | Started 專案初始化中 (5 steps)[39m[0m
[   0% ] [90m[1mfirst_scan_filesystem[22m | 正在掃描檔案結構…[39m[0m
ERROR: Cannot go into subdir 'audio-missing-archive-tfpon_0v'.
   at: _scan_new_dir (editor/file_system/editor_file_system.cpp:1219)
[  16% ] [90m[1mfirst_scan_filesystem[22m | 正在載入全域類別名稱…[39m[0m
[  33% ] [90m[1mfirst_scan_filesystem[22m | 正在驗證 GDExtension…[39m[0m
[  50% ] [90m[1mfirst_scan_filesystem[22m | 正在建立自動載入腳本…[39m[0m
[  66% ] [90m[1mfirst_scan_filesystem[22m | 初始化外掛程式...[39m[0m
[  83% ] [90m[1mfirst_scan_filesystem[22m | 開始掃描檔案...[39m[0m
[92m[ DONE ][39m [1mfirst_scan_filesystem[22m
[0m
[   0% ] [90m[1m_update_scan_actions[22m | Started 掃描動作中... (6 steps)[39m[0m
[   0% ] [90m[1m_update_scan_actions[22m | viper_body_diffuse.png[39m[0m
[  14% ] [90m[1m_update_scan_actions[22m | viper_foot_diffuse.png[39m[0m
[  28% ] [90m[1m_update_scan_actions[22m | viper_hand_diffuse.png[39m[0m
[  42% ] [90m[1m_update_scan_actions[22m | viper_head_diffuse.png[39m[0m
[  57% ] [90m[1m_update_scan_actions[22m | viper_shoulder_diffuse.png[39m[0m
[  71% ] [90m[1m_update_scan_actions[22m | source.gltf[39m[0m
[92m[ DONE ][39m [1m_update_scan_actions[22m
[0m
[   0% ] [90m[1mloading_editor_layout[22m | Started 正在載入編輯器 (5 steps)[39m[0m
[   0% ] [90m[1mloading_editor_layout[22m | 正在載入編輯器佈局…[39m[0m
[  16% ] [90m[1mloading_editor_layout[22m | 正在載入面板…[39m[0m
[  33% ] [90m[1mloading_editor_layout[22m | 正在重新開啟場景…[39m[0m
[  50% ] [90m[1mloading_editor_layout[22m | 正在載入中央編輯器佈局…[39m[0m
[  66% ] [90m[1mloading_editor_layout[22m | 正在載入外掛視窗佈局…[39m[0m
[  83% ] [90m[1mloading_editor_layout[22m | 編輯器佈局就緒。[39m[0m
[92m[ DONE ][39m [1mloading_editor_layout[22m
[0m
